
There are no discarded input sections

Memory Configuration

Name             Origin             Length             Attributes
FLASH            0x08000000         0x00010000         xr
SRAM             0x20000000         0x00020000         xrw
*default*        0x00000000         0xffffffff

Linker script and memory map

LOAD object/kmath.o
LOAD object/flash.o
LOAD object/crc32.o
LOAD object/kfloat.o
LOAD object/cm4.o
LOAD object/mcu_info.o
LOAD object/kstring.o
LOAD object/kmain.o
LOAD object/stm32_startup.o
LOAD object/sys_clock.o
LOAD object/sys_usart.o
LOAD object/sys_gpio.o
LOAD object/kstdio.o
LOAD object/sys_init.o
LOAD object/unistd.o
LOAD object/times.o
LOAD object/serial_lin.o
LOAD object/UsartRingBuffer.o
LOAD object/debug.o
LOAD object/timer.o
LOAD object/sys_err.o
LOAD object/sys_rtc.o

.text           0x08000000     0x5560
                0x08000000                        _stext = .
 *(.isr_vector)
 .isr_vector    0x08000000      0x1c4 object/stm32_startup.o
                0x08000000                NVIC_VECTOR
 *(.text)
 .text          0x080001c4       0x4e object/kmath.o
                0x080001c4                __pow
 *fill*         0x08000212        0x2 
 .text          0x08000214      0x3cc object/flash.o
                0x08000214                get_sector
                0x080002ac                get_sector_size
                0x080002ec                flash_unlock
                0x0800031c                flash_lock
                0x0800033c                erase_os_memory_in_flash
                0x08000474                flash_erased_check
                0x080004bc                flash_write
                0x0800057c                flash_read
 .text          0x080005e0       0xe4 object/crc32.o
                0x080005e0                crc_init
                0x08000600                crc_reset
                0x0800062c                crc32_calculate
                0x08000678                crc32_verify
                0x080006a6                crc32_init
 .text          0x080006c4      0xed4 object/kfloat.o
                0x080006c4                __aeabi_f2d
                0x0800078a                __aeabi_d2f
                0x08000812                __aeabi_d2iz
                0x080008a2                __aeabi_d2i
                0x08000932                get_decimal_part
                0x08000a1c                __aeabi_ui2d
                0x08000a9c                __aeabi_d2uiz
                0x08000b12                __aeabi_dsub
                0x08000dd2                __aeabi_dmul
                0x08000f84                __aeabi_dadd
                0x08001232                __aeabi_d2ulz
                0x080012b0                __aeabi_ddiv
                0x08001558                __aeabi_dcmpeq
 .text          0x08001598      0x348 object/cm4.o
                0x08001604                __SysTick_init
                0x08001688                SysTickIntDisable
                0x080016a8                SysTickIntEnable
                0x080016c8                __SysTick_enable
                0x080016f4                __sysTick_disable
                0x08001720                __getSysTickCount
                0x08001738                __updateSysTick
                0x08001790                __getTime
                0x080017c4                __get__Second
                0x080017dc                __get__Minute
                0x080017f4                __get__Hour
                0x0800180c                SysTick_Handler
                0x08001840                __enable_fpu
                0x08001864                ms_delay
                0x0800188e                getmsTick
                0x0800189c                wait_until
                0x080018ce                SYS_SLEEP_WFI
 .text          0x080018e0      0x1a8 object/mcu_info.o
                0x080018e0                show_system_info
                0x0800198c                store_product_id
                0x08001a74                get_product_id
 .text          0x08001a88      0xc38 object/kstring.o
                0x08001a88                __str_to_num
                0x08001b6a                __reverse_str
                0x08001bc8                __strlen
                0x08001bf6                convert
                0x08001c74                convertu32
                0x08001ccc                float2str
                0x08001d98                str2float
                0x08001e9a                kmemset
                0x08001ee6                StrCat
                0x08001f30                strcopy
                0x08001f6a                clear_str
                0x08001fa8                strncopy
                0x08001ffa                strn4mcopy
                0x08002048                byte_to_hex
                0x080020bc                show_byte_hex_str
                0x080020fc                show_byte_stream_hex
                0x0800213c                strcomp
                0x0800218c                strncopy_cmd
                0x080021da                uint16_to_str
                0x0800232c                uint32_to_str
                0x08002650                strCat_n_to_m
 .text          0x080026c0      0x2fc object/kmain.o
                0x080026dc                jump_to_main
                0x0800270c                uint32_to_hex
                0x0800277c                new_version_available
                0x080027a2                sleep
                0x080027d8                ceiling_divide
                0x08002808                kmain
 .text          0x080029bc       0xe8 object/stm32_startup.o
                0x080029bc                Reset_Handler
                0x08002a74                FLASH_Handler
                0x08002a74                SPI4_Handler
                0x08002a74                DMA2_Stream7_Handler
                0x08002a74                OTG_HS_Handler
                0x08002a74                OTG_FS_WKUP_Handler
                0x08002a74                DMA2_Stream3_Handler
                0x08002a74                USART3_Handler
                0x08002a74                PendSV_Handler
                0x08002a74                NMI_Handler
                0x08002a74                SAI1_Handler
                0x08002a74                TIM6_DAC_Handler
                0x08002a74                CAN1_RX1_Handler
                0x08002a74                EXTI15_10_Handler
                0x08002a74                ADC_Handler
                0x08002a74                I2C1_EV_Handler
                0x08002a74                TAMP_STAMP_Handler
                0x08002a74                I2C3_ER_Handler
                0x08002a74                WWDG_Handler
                0x08002a74                EXTI4_Handler
                0x08002a74                I2C3_EV_Handler
                0x08002a74                DMA1_Stream1_Handler
                0x08002a74                DMA2_Stream4_Handler
                0x08002a74                DMA1_Stream7_Handler
                0x08002a74                OTG_FS_Handler
                0x08002a74                TIM1_BRK_TIM9_Handler
                0x08002a74                I2C1_ER_Handler
                0x08002a74                DMA1_Stream3_Handler
                0x08002a74                UsageFault_Handler
                0x08002a74                TIM1_UP_TIM10_Handler
                0x08002a74                CAN1_RX0_Handler
                0x08002a74                TIM1_CC_Handler
                0x08002a74                I2C2_ER_Handler
                0x08002a74                TIM8_CC_Handler
                0x08002a74                HDMI_CEC_Handler
                0x08002a74                SAI2_Handler
                0x08002a74                CAN1_SCE_Handler
                0x08002a74                DMA1_Stream0_Handler
                0x08002a74                OTG_HS_EP1_OUT_Handler
                0x08002a74                EXTI1_Handler
                0x08002a74                RTC_WKUP_Handler
                0x08002a74                FMC_Handler
                0x08002a74                EXTI3_Handler
                0x08002a74                EXTI2_Handler
                0x08002a74                UART4_Handler
                0x08002a74                CAN2_RX1_Handler
                0x08002a74                EXTI9_5_Handler
                0x08002a74                USART1_Handler
                0x08002a74                CAN2_SCE_Handler
                0x08002a74                TIM3_Handler
                0x08002a74                DMA2_Stream6_Handler
                0x08002a74                Default_Handler
                0x08002a74                DCMI_Handler
                0x08002a74                TIM1_TRG_COM_TIM11_Handler
                0x08002a74                RTC_Alarm_Handler
                0x08002a74                TIM4_Handler
                0x08002a74                TIM8_UP_TIM13_Handler
                0x08002a74                CAN2_TX_Handler
                0x08002a74                SPI2_Handler
                0x08002a74                DMA2_Stream1_Handler
                0x08002a74                DMA1_Stream2_Handler
                0x08002a74                OTG_HS_WKUP_Handler
                0x08002a74                EXTI0_Handler
                0x08002a74                TIM8_BRK_TIM12_Handler
                0x08002a74                CAN2_RX0_Handler
                0x08002a74                DMA2_Stream5_Handler
                0x08002a74                DMA1_Stream6_Handler
                0x08002a74                SDIO_Handler
                0x08002a74                FMPI2C1_ERR_Handler
                0x08002a74                SPI1_Handler
                0x08002a74                I2C2_EV_Handler
                0x08002a74                SPDIF_Rx_Handler
                0x08002a74                DMA2_Stream2_Handler
                0x08002a74                SPI3_Handler
                0x08002a74                DMA2_Stream0_Handler
                0x08002a74                RCC_Handler
                0x08002a74                PVD_Handler
                0x08002a74                UART5_Handler
                0x08002a74                DMA1_Stream5_Handler
                0x08002a74                TIM5_Handler
                0x08002a74                QuadSPI_Handler
                0x08002a74                TIM7_Handler
                0x08002a74                TIM8_TRG_COM_TIM14_Handler
                0x08002a74                CAN1_TX_Handler
                0x08002a74                FPU_Handler
                0x08002a74                FMPI2C1_Handler
                0x08002a74                DebugMonitor_Handler
                0x08002a74                DMA1_Stream4_Handler
                0x08002a74                OTG_HS_EP1_IN_Handler
                0x08002a7c                HardFault_Handler
                0x08002a84                MemManage_Handler
                0x08002a8c                BusFault_Handler
                0x08002a94                SVCall_Handler
 .text          0x08002aa4      0x308 object/sys_clock.o
                0x08002aa4                __init_sys_clock
                0x08002b70                __APB1CLK_FREQ
                0x08002bec                __APB2CLK_FREQ
                0x08002c68                __PLL_SYS_CLK
                0x08002d00                __AHB_CLK
 .text          0x08002dac      0x584 object/sys_usart.o
                0x08002e5c                UART_Init
                0x08002ef6                UART_DeInit
                0x08002f64                UART_BRR_SAMPLING16
                0x080030f8                UART_MspInit
 .text          0x08003330      0x5bc object/sys_gpio.o
                0x08003330                GPIO_WritePin
                0x08003362                GPIO_Init
                0x08003668                GPIO_DeInit
                0x08003850                SPI_GPIOInit
 .text          0x080038ec      0x428 object/kstdio.o
                0x080038ec                kprintf
                0x08003aa0                putstr
                0x08003aec                kscanf
                0x08003cb4                read_str
                0x08003cf8                read_int
 .text          0x08003d14      0x138 object/sys_init.o
                0x08003d5c                __sys_init
                0x08003e10                SYS_ROUTINE
                0x08003e1c                display_group_info
 .text          0x08003e4c        0x0 object/unistd.o
 .text          0x08003e4c        0x0 object/times.o
 .text          0x08003e4c      0x1b8 object/serial_lin.o
                0x08003e4c                SerialLin2_init
                0x08003ee4                SerialLin6_init
                0x08003f7c                USART2_Handler
                0x08003f90                USART6_Handler
                0x08003fa4                noIntWrite
                0x08003fd4                noIntSendString
 .text          0x08004004      0xb94 object/UsartRingBuffer.o
                0x08004004                Ringbuf_init
                0x0800409e                Look_for
                0x0800413e                GetDataFromBuffer
                0x0800427e                Uart_flush
                0x080042ba                Uart_peek
                0x08004334                Uart_read
                0x0800438e                Uart_readstring
                0x080043ee                Uart_write
                0x080044a4                IsDataAvailable
                0x08004528                Get_after
                0x08004586                Uart_sendstring
                0x080045b4                Uart_printbase
                0x0800464c                Copy_upto
                0x0800474c                Wait_for
                0x08004838                look_for_frame
                0x0800499e                Uart_isr
                0x08004aac                update_tail
                0x08004b12                debug_buffer
 .text          0x08004b98      0x110 object/debug.o
                0x08004b98                __debugRamUsage
                0x08004be4                __digitalWriteDebugButton
                0x08004c40                __digitalReadDebugButton
                0x08004c70                __alalogReadDebug
                0x08004c88                __analogWriteDebug
 .text          0x08004ca8      0x228 object/timer.o
                0x08004ce4                ConfigTimer2ForSystem
                0x08004d60                Delay_micro_second
                0x08004df4                Delay
                0x08004e22                getMiliseconds
                0x08004e64                getMicroseconds
                0x08004e94                TIM2_Handler
 .text          0x08004ed0       0x14 object/sys_err.o
                0x08004ed0                Error_Handler
 .text          0x08004ee4      0x364 object/sys_rtc.o
                0x08004ee4                SYS_RTC_init
                0x0800518c                get_timeofDay
 *(.rodata)
 .rodata        0x08005248       0xa6 object/flash.o
 *fill*         0x080052ee        0x2 
 .rodata        0x080052f0       0x64 object/mcu_info.o
 .rodata        0x08005354        0x6 object/kstring.o
 *fill*         0x0800535a        0x2 
 .rodata        0x0800535c       0xbe object/kmain.o
 *fill*         0x0800541a        0x2 
 .rodata        0x0800541c        0x4 object/stm32_startup.o
                0x0800541c                STACK_START
 .rodata        0x08005420       0x18 object/sys_clock.o
                0x08005420                AHBPrescTable
                0x08005430                APBPrescTable
 .rodata        0x08005438        0xb object/kstdio.o
                0x08005438                STR_TERMINATOR
 *fill*         0x08005443        0x1 
 .rodata        0x08005444      0x119 object/sys_init.o
                0x08005560                        . = ALIGN (0x4)
 *fill*         0x0800555d        0x3 
                0x08005560                        _etext = .
                0x08005560                        _la_data = LOADADDR (.data)

.glue_7         0x08005560        0x0
 .glue_7        0x08005560        0x0 linker stubs

.glue_7t        0x08005560        0x0
 .glue_7t       0x08005560        0x0 linker stubs

.vfp11_veneer   0x08005560        0x0
 .vfp11_veneer  0x08005560        0x0 linker stubs

.v4_bx          0x08005560        0x0
 .v4_bx         0x08005560        0x0 linker stubs

.iplt           0x08005560        0x0
 .iplt          0x08005560        0x0 object/flash.o

.rel.dyn        0x08005560        0x0
 .rel.iplt      0x08005560        0x0 object/flash.o

.data           0x20000000       0x80 load address 0x08005560
                0x20000000                        _sdata = .
 *(.data)
 .data          0x20000000        0x0 object/kmath.o
 .data          0x20000000        0x0 object/flash.o
 .data          0x20000000        0x0 object/crc32.o
 .data          0x20000000        0x0 object/kfloat.o
 .data          0x20000000        0x0 object/cm4.o
 .data          0x20000000        0x0 object/mcu_info.o
 .data          0x20000000       0x75 object/kstring.o
 .data          0x20000075        0x0 object/kmain.o
 .data          0x20000075        0x0 object/stm32_startup.o
 .data          0x20000075        0x0 object/sys_clock.o
 .data          0x20000075        0x0 object/sys_usart.o
 .data          0x20000075        0x0 object/sys_gpio.o
 .data          0x20000075        0x0 object/kstdio.o
 .data          0x20000075        0x0 object/sys_init.o
 .data          0x20000075        0x0 object/unistd.o
 .data          0x20000075        0x0 object/times.o
 *fill*         0x20000075        0x3 
 .data          0x20000078        0x8 object/serial_lin.o
                0x20000078                errObj
 .data          0x20000080        0x0 object/UsartRingBuffer.o
 .data          0x20000080        0x0 object/debug.o
 .data          0x20000080        0x0 object/timer.o
 .data          0x20000080        0x0 object/sys_err.o
 .data          0x20000080        0x0 object/sys_rtc.o
                0x20000080                        . = ALIGN (0x4)
                0x20000080                        _edata = .

.igot.plt       0x20000080        0x0 load address 0x080055e0
 .igot.plt      0x20000080        0x0 object/flash.o

.bss            0x20000080      0x911 load address 0x080055e0
                0x20000080                        _sbss = .
 *(.bss)
 .bss           0x20000080        0x0 object/kmath.o
 .bss           0x20000080        0x0 object/flash.o
 .bss           0x20000080        0x0 object/crc32.o
 .bss           0x20000080        0x0 object/kfloat.o
 .bss           0x20000080       0x10 object/cm4.o
 .bss           0x20000090       0x14 object/mcu_info.o
 .bss           0x200000a4       0x32 object/kstring.o
 *fill*         0x200000d6        0x2 
 .bss           0x200000d8        0xb object/kmain.o
 *fill*         0x200000e3        0x1 
 .bss           0x200000e4        0xc object/stm32_startup.o
                0x200000e4                _bss_size
                0x200000e8                _data_size
                0x200000ec                _text_size
 .bss           0x200000f0        0x0 object/sys_clock.o
 .bss           0x200000f0        0x0 object/sys_usart.o
 .bss           0x200000f0        0x0 object/sys_gpio.o
 .bss           0x200000f0        0x0 object/kstdio.o
 .bss           0x200000f0        0x0 object/sys_init.o
 .bss           0x200000f0        0x0 object/unistd.o
 .bss           0x200000f0        0x0 object/times.o
 .bss           0x200000f0      0x890 object/serial_lin.o
                0x200000f0                huart2
                0x20000538                huart6
 .bss           0x20000980        0x0 object/UsartRingBuffer.o
 .bss           0x20000980        0xc object/debug.o
                0x20000984                CURRENT_MSP
                0x20000988                DEBUG_BUTTON
                0x2000098a                DEBUG_ANALOG_IO
 .bss           0x2000098c        0x5 object/timer.o
 .bss           0x20000991        0x0 object/sys_err.o
 .bss           0x20000991        0x0 object/sys_rtc.o
                0x20000991                        _ebss = .
OUTPUT(build/final.elf elf32-littlearm)
LOAD linker stubs

.comment        0x00000000       0x45
 .comment       0x00000000       0x45 object/kmath.o
                                 0x46 (size before relaxing)
 .comment       0x00000045       0x46 object/flash.o
 .comment       0x00000045       0x46 object/crc32.o
 .comment       0x00000045       0x46 object/kfloat.o
 .comment       0x00000045       0x46 object/cm4.o
 .comment       0x00000045       0x46 object/mcu_info.o
 .comment       0x00000045       0x46 object/kstring.o
 .comment       0x00000045       0x46 object/kmain.o
 .comment       0x00000045       0x46 object/stm32_startup.o
 .comment       0x00000045       0x46 object/sys_clock.o
 .comment       0x00000045       0x46 object/sys_usart.o
 .comment       0x00000045       0x46 object/sys_gpio.o
 .comment       0x00000045       0x46 object/kstdio.o
 .comment       0x00000045       0x46 object/sys_init.o
 .comment       0x00000045       0x46 object/unistd.o
 .comment       0x00000045       0x46 object/times.o
 .comment       0x00000045       0x46 object/serial_lin.o
 .comment       0x00000045       0x46 object/UsartRingBuffer.o
 .comment       0x00000045       0x46 object/debug.o
 .comment       0x00000045       0x46 object/timer.o
 .comment       0x00000045       0x46 object/sys_err.o
 .comment       0x00000045       0x46 object/sys_rtc.o

.ARM.attributes
                0x00000000       0x32
 .ARM.attributes
                0x00000000       0x32 object/kmath.o
 .ARM.attributes
                0x00000032       0x32 object/flash.o
 .ARM.attributes
                0x00000064       0x32 object/crc32.o
 .ARM.attributes
                0x00000096       0x32 object/kfloat.o
 .ARM.attributes
                0x000000c8       0x32 object/cm4.o
 .ARM.attributes
                0x000000fa       0x32 object/mcu_info.o
 .ARM.attributes
                0x0000012c       0x32 object/kstring.o
 .ARM.attributes
                0x0000015e       0x32 object/kmain.o
 .ARM.attributes
                0x00000190       0x32 object/stm32_startup.o
 .ARM.attributes
                0x000001c2       0x32 object/sys_clock.o
 .ARM.attributes
                0x000001f4       0x32 object/sys_usart.o
 .ARM.attributes
                0x00000226       0x32 object/sys_gpio.o
 .ARM.attributes
                0x00000258       0x32 object/kstdio.o
 .ARM.attributes
                0x0000028a       0x32 object/sys_init.o
 .ARM.attributes
                0x000002bc       0x32 object/unistd.o
 .ARM.attributes
                0x000002ee       0x32 object/times.o
 .ARM.attributes
                0x00000320       0x32 object/serial_lin.o
 .ARM.attributes
                0x00000352       0x32 object/UsartRingBuffer.o
 .ARM.attributes
                0x00000384       0x32 object/debug.o
 .ARM.attributes
                0x000003b6       0x32 object/timer.o
 .ARM.attributes
                0x000003e8       0x32 object/sys_err.o
 .ARM.attributes
                0x0000041a       0x32 object/sys_rtc.o
